272 1.000000 0.000000 
273 1.000000 0.000000 
274 1.000000 0.000000 
275 1.000000 0.000000 
276 1.000000 0.000000 
277 1.000000 0.000000 
278 1.000000 0.000000 
279 1.000000 0.000000 
280 1.000000 0.000000 
281 1.000000 0.000000 
282 1.000000 0.000000 
283 1.000000 0.000000 
284 1.000000 0.000000 
285 1.000000 0.000000 
286 1.000000 0.000000 
287 1.000000 0.000000 
288 1.000000 0.000000 
289 1.000000 0.000000 
290 1.000000 0.000000 
291 1.000000 0.000000 
292 1.000000 0.000000 
293 1.000000 0.000000 
294 1.000000 0.000000 
295 1.000000 0.000000 
296 1.000000 0.000000 
297 1.000000 0.000000 
298 1.000000 0.000000 
299 1.000000 0.000000 
300 1.000000 0.000000 
301 1.000000 0.000000 
302 1.000000 0.000000 
303 1.000000 0.000000 
304 1.000000 0.000000 
305 1.000000 0.000000 
306 1.000000 0.000000 
307 1.000000 0.000000 
308 1.000000 0.000000 
309 1.000000 0.000000 
310 1.000000 0.000000 
311 1.000000 0.000000 
312 1.000000 0.000000 
313 1.000000 0.000000 
314 1.000000 0.000000 
315 1.000000 0.000000 
316 1.000000 0.000000 
317 1.000000 0.000000 
318 1.000000 0.000000 
319 1.000000 0.000000 
320 1.000000 0.000000 
321 1.000000 0.000000 
322 1.000000 0.000000 
323 1.000000 0.000000 
324 1.000000 0.000000 
325 1.000000 0.000000 
326 1.000000 0.000000 
327 1.000000 0.000000 
328 1.000000 0.000000 
329 1.000000 0.000000 
330 1.000000 0.000000 
331 1.000000 0.000000 
332 1.000000 0.000000 
333 1.000000 0.000000 
334 1.000000 0.000000 
335 1.000000 0.000000 
336 1.000000 0.000000 
337 1.000000 0.000000 
338 1.000000 0.000000 
339 1.000000 0.000000 
340 1.000000 0.000000 
341 1.000000 0.000000 
342 1.000000 0.000000 
343 1.000000 0.000000 
344 1.000000 0.000000 
345 1.000000 0.000000 
346 1.000000 0.000000 
347 1.000000 0.000000 
348 1.000000 0.000000 
349 1.000000 0.000000 
350 1.000000 0.000000 
351 1.000000 0.000000 
352 1.000000 0.000000 
353 1.000000 0.000000 
354 1.000000 0.000000 
355 1.000000 0.000000 
356 1.000000 0.000000 
357 1.000000 0.000000 
358 1.000000 0.000000 
359 1.000000 0.000000 
360 1.000000 0.000000 
361 1.000000 0.000000 
362 1.000000 0.000000 
363 1.000000 0.000000 
364 1.000000 0.000000 
365 1.000000 0.000000 
366 1.000000 0.000000 
367 1.000000 0.000000 
368 1.000000 0.000000 
369 1.000000 0.000000 
370 1.000000 0.000000 
371 1.000000 0.000000 
372 1.000000 0.000000 
373 1.000000 0.000000 
374 1.000000 0.000000 
375 1.000000 0.000000 
376 1.000000 0.000000 
377 1.000000 0.000000 
378 1.000000 0.000000 
379 1.000000 0.000000 
380 1.000000 0.000000 
381 1.000000 0.000000 
382 1.000000 0.000000 
383 1.000000 0.000000 
384 1.000000 0.000000 
385 1.000000 0.000000 
386 1.000000 0.000000 
387 1.000000 0.000000 
388 1.000000 0.000000 
389 1.000000 0.000000 
390 1.000000 0.000000 
391 1.000000 0.000000 
392 1.000000 0.000000 
393 1.000000 0.000000 
394 1.000000 0.000000 
395 1.000000 0.000000 
396 1.000000 0.000000 
397 1.000000 0.000000 
398 1.000000 0.000000 
399 1.000000 0.000000 
400 1.000000 0.000000 
401 1.000000 0.000000 
402 1.000000 0.000000 
403 1.000000 0.000000 
404 1.000000 0.000000 
405 1.000000 0.000000 
406 1.000000 0.000000 
407 1.000000 0.000000 
408 1.000000 0.000000 
409 1.000000 0.000000 
410 1.000000 0.000000 
411 1.000000 0.000000 
412 1.000000 0.000000 
413 1.000000 0.000000 
414 1.000000 0.000000 
415 1.000000 0.000000 
416 1.000000 0.000000 
417 1.000000 0.000000 
418 1.000000 0.000000 
419 1.000000 0.000000 
420 1.000000 0.000000 
421 1.000000 0.000000 
422 1.000000 0.000000 
423 1.000000 0.000000 
424 1.000000 0.000000 
425 1.000000 0.000000 
426 1.000000 0.000000 
427 1.000000 0.000000 
428 1.000000 0.000000 
429 1.000000 0.000000 
430 1.000000 0.000000 
431 1.000000 0.000000 
432 1.000000 0.000000 
433 1.000000 0.000000 
434 1.000000 0.000000 
435 1.000000 0.000000 
436 1.000000 0.000000 
437 1.000000 0.000000 
438 1.000000 0.000000 
439 1.000000 0.000000 
440 1.000000 0.000000 
441 1.000000 0.000000 
442 1.000000 0.000000 
443 1.000000 0.000000 
444 1.000000 0.000000 
445 1.000000 0.000000 
446 1.000000 0.000000 
447 1.000000 0.000000 
448 1.000000 0.000000 
449 1.000000 0.000000 
450 1.000000 0.000000 
451 1.000000 0.000000 
452 1.000000 0.000000 
453 1.000000 0.000000 
454 1.000000 0.000000 
455 1.000000 0.000000 
456 1.000000 0.000000 
457 1.000000 0.000000 
458 1.000000 0.000000 
459 1.000000 0.000000 
460 1.000000 0.000000 
461 1.000000 0.000000 
462 1.000000 0.000000 
463 1.000000 0.000000 
464 1.000000 0.000000 
465 1.000000 0.000000 
466 1.000000 0.000000 
467 1.000000 0.000000 
468 1.000000 0.000000 
469 1.000000 0.000000 
470 1.000000 0.000000 
471 1.000000 0.000000 
472 1.000000 0.000000 
473 1.000000 0.000000 
474 1.000000 0.000000 
475 1.000000 0.000000 
476 1.000000 0.000000 
477 1.000000 0.000000 
478 1.000000 0.000000 
479 1.000000 0.000000 
480 1.000000 0.000000 
481 1.000000 0.000000 
482 1.000000 0.000000 
483 1.000000 0.000000 
484 1.000000 0.000000 
485 1.000000 0.000000 
486 1.000000 0.000000 
487 1.000000 0.000000 
488 1.000000 0.000000 
489 1.000000 0.000000 
490 1.000000 0.000000 
491 1.000000 0.000000 
492 1.000000 0.000000 
493 1.000000 0.000000 
494 1.000000 0.000000 
495 1.000000 0.000000 
496 1.000000 0.000000 
497 1.000000 0.000000 
498 1.000000 0.000000 
499 1.000000 0.000000 
500 1.000000 0.000000 
501 1.000000 0.000000 
502 1.000000 0.000000 
503 1.000000 0.000000 
504 1.000000 0.000000 
505 1.000000 0.000000 
506 1.000000 0.000000 
507 1.000000 0.000000 
508 1.000000 0.000000 
509 1.000000 0.000000 
510 1.000000 0.000000 
511 1.000000 0.000000 
512 1.000000 0.000000 
513 1.000000 0.000000 
514 1.000000 0.000000 
515 1.000000 0.000000 
516 1.000000 0.000000 
517 1.000000 0.000000 
518 1.000000 0.000000 
519 1.000000 0.000000 
520 1.000000 0.000000 
521 1.000000 0.000000 
522 1.000000 0.000000 
523 1.000000 0.000000 
524 1.000000 0.000000 
525 1.000000 0.000000 
526 1.000000 0.000000 
527 1.000000 0.000000 
528 1.000000 0.000000 
529 1.000000 0.000000 
530 1.000000 0.000000 
531 1.000000 0.000000 
532 1.000000 0.000000 
533 1.000000 0.000000 
534 1.000000 0.000000 
535 1.000000 0.000000 
536 1.000000 0.000000 
537 1.000000 0.000000 
538 1.000000 0.000000 
539 1.000000 0.000000 
540 1.000000 0.000000 
541 1.000000 0.000000 
542 1.000000 0.000000 
543 1.000000 0.000000 
544 1.000000 0.000000 
545 1.000000 0.000000 
546 1.000000 0.000000 
547 1.000000 0.000000 
548 1.000000 0.000000 
549 1.000000 0.000000 
550 1.000000 0.000000 
551 1.000000 0.000000 
552 1.000000 0.000000 
553 1.000000 0.000000 
554 1.000000 0.000000 
555 1.000000 0.000000 
556 1.000000 0.000000 
557 1.000000 0.000000 
558 1.000000 0.000000 
559 1.000000 0.000000 
560 1.000000 0.000000 
561 1.000000 0.000000 
562 1.000000 0.000000 
563 1.000000 0.000000 
564 1.000000 0.000000 
565 1.000000 0.000000 
566 1.000000 0.000000 
567 1.000000 0.000000 
568 1.000000 0.000000 
569 1.000000 0.000000 
570 1.000000 0.000000 
571 1.000000 0.000000 
572 1.000000 0.000000 
573 1.000000 0.000000 
574 1.000000 0.000000 
575 1.000000 0.000000 
576 1.000000 0.000000 
577 1.000000 0.000000 
578 1.000000 0.000000 
579 1.000000 0.000000 
580 1.000000 0.000000 
581 1.000000 0.000000 
582 1.000000 0.000000 
583 1.000000 0.000000 
584 1.000000 0.000000 
585 1.000000 0.000000 
586 1.000000 0.000000 
587 1.000000 0.000000 
588 1.000000 0.000000 
589 1.000000 0.000000 
590 1.000000 0.000000 
591 1.000000 0.000000 
592 1.000000 0.000000 
593 1.000000 0.000000 
594 1.000000 0.000000 
595 1.000000 0.000000 
596 1.000000 0.000000 
597 1.000000 0.000000 
598 1.000000 0.000000 
599 1.000000 0.000000 
600 1.000000 0.000000 
601 1.000000 0.000000 
602 1.000000 0.000000 
603 1.000000 0.000000 
604 1.000000 0.000000 
605 1.000000 0.000000 
606 1.000000 0.000000 
607 1.000000 0.000000 
608 1.000000 0.000000 
609 1.000000 0.000000 
610 1.000000 0.000000 
611 1.000000 0.000000 
612 1.000000 0.000000 
613 1.000000 0.000000 
614 1.000000 0.000000 
615 1.000000 0.000000 
616 1.000000 0.000000 
617 1.000000 0.000000 
618 1.000000 0.000000 
619 1.000000 0.000000 
620 1.000000 0.000000 
621 1.000000 0.000000 
622 1.000000 0.000000 
623 1.000000 0.000000 
624 1.000000 0.000000 
625 1.000000 0.000000 
626 1.000000 0.000000 
627 1.000000 0.000000 
628 1.000000 0.000000 
629 1.000000 0.000000 
630 1.000000 0.000000 
631 1.000000 0.000000 
632 1.000000 0.000000 
633 1.000000 0.000000 
634 1.000000 0.000000 
635 1.000000 0.000000 
636 1.000000 0.000000 
637 1.000000 0.000000 
638 1.000000 0.000000 
639 1.000000 0.000000 
640 1.000000 0.000000 
641 1.000000 0.000000 
642 1.000000 0.000000 
643 1.000000 0.000000 
644 1.000000 0.000000 
645 1.000000 0.000000 
646 1.000000 0.000000 
647 1.000000 0.000000 
648 1.000000 0.000000 
649 1.000000 0.000000 
650 1.000000 0.000000 
651 1.000000 0.000000 
652 1.000000 0.000000 
653 1.000000 0.000000 
654 1.000000 0.000000 
655 1.000000 0.000000 
656 1.000000 0.000000 
657 1.000000 0.000000 
658 1.000000 0.000000 
659 1.000000 0.000000 
660 1.000000 0.000000 
661 1.000000 0.000000 
662 1.000000 0.000000 
663 1.000000 0.000000 
664 1.000000 0.000000 
665 1.000000 0.000000 
666 1.000000 0.000000 
667 1.000000 0.000000 
668 1.000000 0.000000 
669 1.000000 0.000000 
670 1.000000 0.000000 
671 1.000000 0.000000 
672 1.000000 0.000000 
673 1.000000 0.000000 
674 1.000000 0.000000 
675 1.000000 0.000000 
676 1.000000 0.000000 
677 1.000000 0.000000 
678 1.000000 0.000000 
679 1.000000 0.000000 
680 1.000000 0.000000 
681 1.000000 0.000000 
682 1.000000 0.000000 
683 1.000000 0.000000 
684 1.000000 0.000000 
685 1.000000 0.000000 
686 1.000000 0.000000 
687 1.000000 0.000000 
688 1.000000 0.000000 
689 1.000000 0.000000 
690 1.000000 0.000000 
691 1.000000 0.000000 
692 1.000000 0.000000 
693 1.000000 0.000000 
694 1.000000 0.000000 
695 1.000000 0.000000 
696 1.000000 0.000000 
697 1.000000 0.000000 
698 1.000000 0.000000 
699 1.000000 0.000000 
700 1.000000 0.000000 
701 1.000000 0.000000 
702 1.000000 0.000000 
703 1.000000 0.000000 
704 1.000000 0.000000 
705 1.000000 0.000000 
706 1.000000 0.000000 
707 1.000000 0.000000 
708 1.000000 0.000000 
709 1.000000 0.000000 
710 1.000000 0.000000 
711 1.000000 0.000000 
712 1.000000 0.000000 
713 1.000000 0.000000 
714 1.000000 0.000000 
715 1.000000 0.000000 
716 1.000000 0.000000 
717 1.000000 0.000000 
718 1.000000 0.000000 
719 1.000000 0.000000 
720 1.000000 0.000000 
721 1.000000 0.000000 
722 1.000000 0.000000 
723 1.000000 0.000000 
724 1.000000 0.000000 
725 1.000000 0.000000 
726 1.000000 0.000000 
727 1.000000 0.000000 
728 1.000000 0.000000 
729 1.000000 0.000000 
730 1.000000 0.000000 
731 1.000000 0.000000 
732 1.000000 0.000000 
733 1.000000 0.000000 
734 1.000000 0.000000 
735 1.000000 0.000000 
736 1.000000 0.000000 
737 1.000000 0.000000 
738 1.000000 0.000000 
739 1.000000 0.000000 
740 1.000000 0.000000 
741 1.000000 0.000000 
742 1.000000 0.000000 
743 1.000000 0.000000 
744 1.000000 0.000000 
745 1.000000 0.000000 
746 1.000000 0.000000 
747 1.000000 0.000000 
748 1.000000 0.000000 
749 1.000000 0.000000 
750 1.000000 0.000000 
751 1.000000 0.000000 
752 1.000000 0.000000 
753 1.000000 0.000000 
754 1.000000 0.000000 
755 1.000000 0.000000 
756 1.000000 0.000000 
757 1.000000 0.000000 
758 1.000000 0.000000 
759 1.000000 0.000000 
760 1.000000 0.000000 
761 1.000000 0.000000 
762 1.000000 0.000000 
763 1.000000 0.000000 
764 1.000000 0.000000 
765 1.000000 0.000000 
766 1.000000 0.000000 
767 1.000000 0.000000 
768 1.000000 0.000000 
769 1.000000 0.000000 
770 1.000000 0.000000 
771 1.000000 0.000000 
772 1.000000 0.000000 
773 1.000000 0.000000 
774 1.000000 0.000000 
775 1.000000 0.000000 
776 1.000000 0.000000 
777 1.000000 0.000000 
778 1.000000 0.000000 
779 1.000000 0.000000 
780 1.000000 0.000000 
781 1.000000 0.000000 
782 1.000000 0.000000 
783 1.000000 0.000000 
784 1.000000 0.000000 
785 1.000000 0.000000 
786 1.000000 0.000000 
787 1.000000 0.000000 
788 1.000000 0.000000 
789 1.000000 0.000000 
790 1.000000 0.000000 
791 1.000000 0.000000 
792 1.000000 0.000000 
793 1.000000 0.000000 
794 1.000000 0.000000 
795 1.000000 0.000000 
796 1.000000 0.000000 
797 1.000000 0.000000 
798 1.000000 0.000000 
799 1.000000 0.000000 
800 1.000000 0.000000 
801 1.000000 0.000000 
802 1.000000 0.000000 
803 1.000000 0.000000 
804 1.000000 0.000000 
805 1.000000 0.000000 
806 1.000000 0.000000 
807 1.000000 0.000000 
808 1.000000 0.000000 
809 1.000000 0.000000 
810 1.000000 0.000000 
811 1.000000 0.000000 
812 1.000000 0.000000 
813 1.000000 0.000000 
814 1.000000 0.000000 
815 1.000000 0.000000 
816 1.000000 0.000000 
817 1.000000 0.000000 
818 1.000000 0.000000 
819 1.000000 0.000000 
820 1.000000 0.000000 
821 1.000000 0.000000 
822 1.000000 0.000000 
823 1.000000 0.000000 
824 1.000000 0.000000 
825 1.000000 0.000000 
826 1.000000 0.000000 
827 1.000000 0.000000 
828 1.000000 0.000000 
829 1.000000 0.000000 
830 1.000000 0.000000 
831 1.000000 0.000000 
832 1.000000 0.000000 
833 1.000000 0.000000 
834 1.000000 0.000000 
835 1.000000 0.000000 
836 1.000000 0.000000 
837 1.000000 0.000000 
838 1.000000 0.000000 
839 1.000000 0.000000 
840 1.000000 0.000000 
841 1.000000 0.000000 
842 1.000000 0.000000 
843 1.000000 0.000000 
844 1.000000 0.000000 
845 1.000000 0.000000 
846 1.000000 0.000000 
847 1.000000 0.000000 
848 1.000000 0.000000 
849 1.000000 0.000000 
850 1.000000 0.000000 
851 1.000000 0.000000 
852 1.000000 0.000000 
853 1.000000 0.000000 
854 1.000000 0.000000 
855 1.000000 0.000000 
856 1.000000 0.000000 
857 1.000000 0.000000 
858 1.000000 0.000000 
859 1.000000 0.000000 
860 1.000000 0.000000 
861 1.000000 0.000000 
862 1.000000 0.000000 
863 1.000000 0.000000 
864 1.000000 0.000000 
865 1.000000 0.000000 
866 1.000000 0.000000 
867 1.000000 0.000000 
868 1.000000 0.000000 
869 1.000000 0.000000 
870 1.000000 0.000000 
871 1.000000 0.000000 
872 1.000000 0.000000 
873 1.000000 0.000000 
874 1.000000 0.000000 
875 1.000000 0.000000 
876 1.000000 0.000000 
877 1.000000 0.000000 
878 1.000000 0.000000 
879 1.000000 0.000000 
880 1.000000 0.000000 
881 1.000000 0.000000 
882 1.000000 0.000000 
883 1.000000 0.000000 
884 1.000000 0.000000 
885 1.000000 0.000000 
886 1.000000 0.000000 
887 1.000000 0.000000 
888 1.000000 0.000000 
889 1.000000 0.000000 
890 1.000000 0.000000 
891 1.000000 0.000000 
892 1.000000 0.000000 
893 1.000000 0.000000 
894 1.000000 0.000000 
895 1.000000 0.000000 
896 1.000000 0.000000 
897 1.000000 0.000000 
898 1.000000 0.000000 
899 1.000000 0.000000 
900 1.000000 0.000000 
901 1.000000 0.000000 
902 1.000000 0.000000 
903 1.000000 0.000000 
904 1.000000 0.000000 
905 1.000000 0.000000 
906 1.000000 0.000000 
907 1.000000 0.000000 
908 1.000000 0.000000 
909 1.000000 0.000000 
910 1.000000 0.000000 
911 1.000000 0.000000 
912 1.000000 0.000000 
913 1.000000 0.000000 
914 1.000000 0.000000 
915 1.000000 0.000000 
916 1.000000 0.000000 
917 1.000000 0.000000 
918 1.000000 0.000000 
919 1.000000 0.000000 
920 1.000000 0.000000 
921 1.000000 0.000000 
922 1.000000 0.000000 
923 1.000000 0.000000 
924 1.000000 0.000000 
925 1.000000 0.000000 
926 1.000000 0.000000 
927 1.000000 0.000000 
928 1.000000 0.000000 
929 1.000000 0.000000 
930 1.000000 0.000000 
931 1.000000 0.000000 
932 1.000000 0.000000 
933 1.000000 0.000000 
934 1.000000 0.000000 
935 1.000000 0.000000 
936 1.000000 0.000000 
937 1.000000 0.000000 
938 1.000000 0.000000 
939 1.000000 0.000000 
940 1.000000 0.000000 
941 1.000000 0.000000 
942 1.000000 0.000000 
943 1.000000 0.000000 
944 1.000000 0.000000 
945 1.000000 0.000000 
946 1.000000 0.000000 
947 1.000000 0.000000 
948 1.000000 0.000000 
949 1.000000 0.000000 
950 1.000000 0.000000 
951 1.000000 0.000000 
952 1.000000 0.000000 
953 1.000000 0.000000 
954 1.000000 0.000000 
955 1.000000 0.000000 
956 1.000000 0.000000 
957 1.000000 0.000000 
958 1.000000 0.000000 
959 1.000000 0.000000 
960 1.000000 0.000000 
961 1.000000 0.000000 
962 1.000000 0.000000 
963 1.000000 0.000000 
964 1.000000 0.000000 
965 1.000000 0.000000 
966 1.000000 0.000000 
967 1.000000 0.000000 
968 1.000000 0.000000 
969 1.000000 0.000000 
970 1.000000 0.000000 
971 1.000000 0.000000 
972 1.000000 0.000000 
973 1.000000 0.000000 
974 1.000000 0.000000 
975 1.000000 0.000000 
976 1.000000 0.000000 
977 1.000000 0.000000 
978 1.000000 0.000000 
979 1.000000 0.000000 
980 1.000000 0.000000 
981 1.000000 0.000000 
982 1.000000 0.000000 
983 1.000000 0.000000 
984 1.000000 0.000000 
985 1.000000 0.000000 
986 1.000000 0.000000 
987 1.000000 0.000000 
988 1.000000 0.000000 
989 1.000000 0.000000 
990 1.000000 0.000000 
991 1.000000 0.000000 
992 1.000000 0.000000 
993 1.000000 0.000000 
994 1.000000 0.000000 
995 1.000000 0.000000 
996 1.000000 0.000000 
997 1.000000 0.000000 
998 1.000000 0.000000 
999 1.000000 0.000000 
bash-4.3$ ./a.out | less
bash-4.3$ g++ presi.cpp 
bash-4.3$ ./a.out | less
bash-4.3$ g++ presi.cpp 
bash-4.3$ ./a.out | less
bash-4.3$ g++ presi.cpp 
bash-4.3$ ./a.out | less
bash-4.3$ g++ presi.cpp 
bash-4.3$ ./a.out | less
bash-4.3$ g++ presi.cpp 
bash-4.3$ ./a.out | less
bash-4.3$ g++ presi.cpp 
bash-4.3$ ./a.out | less
bash-4.3$ g++ presi.cpp 
bash-4.3$ ./a.out | less
bash-4.3$ ./a.out | less
bash-4.3$ g++ presi.cpp 
bash-4.3$ ./a.out | less
bash-4.3$ g++ presi.cpp 
bash-4.3$ ./a.out | less
bash-4.3$ g++ presi.cpp 
bash-4.3$ ./a.out | less
bash-4.3$ git add presi.cpp
bash-4.3$ git status 
On branch master
Your branch is up-to-date with 'origin/master'.
Changes to be committed:
  (use "git reset HEAD <file>..." to unstage)

	new file:   presi.cpp

Untracked files:
  (use "git add <file>..." to include in what will be committed)

	../2019-09-06/Comandos terminal 

bash-4.3$ git commit -m "Computing eps for float and double"
[master d8125bd] Computing eps for float and double
 Committer: Andres Mauricio Gomez Mongui <anmgomezmo@darkstar.org>
Your name and email address were configured automatically based
on your username and hostname. Please check that they are accurate.
You can suppress this message by setting them explicitly. Run the
following command and follow the instructions in your editor to edit
your configuration file:

    git config --global --edit

After doing this, you may fix the identity used for this commit with:

    git commit --amend --reset-author

 1 file changed, 12 insertions(+)
 create mode 100644 2019-09-11/presi.cpp
bash-4.3$ export https_proxy="https://anmgomezmo:Cuantica15@proxyapp.unal.edu.co:8080/"
bash-4.3$ git push
Username for 'https://github.com': anmgomezmo 
Password for 'https://anmgomezmo@github.com': 
To https://github.com/anmgomezmo/HC.git
 ! [rejected]        master -> master (fetch first)
error: failed to push some refs to 'https://github.com/anmgomezmo/HC.git'
hint: Updates were rejected because the remote contains work that you do
hint: not have locally. This is usually caused by another repository pushing
hint: to the same ref. You may want to first integrate the remote changes
hint: (e.g., 'git pull ...') before pushing again.
hint: See the 'Note about fast-forwards' in 'git push --help' for details.
bash-4.3$ git push
Username for 'https://github.com': anmgomezmo
Password for 'https://anmgomezmo@github.com': 
To https://github.com/anmgomezmo/HC.git
 ! [rejected]        master -> master (fetch first)
error: failed to push some refs to 'https://github.com/anmgomezmo/HC.git'
hint: Updates were rejected because the remote contains work that you do
hint: not have locally. This is usually caused by another repository pushing
hint: to the same ref. You may want to first integrate the remote changes
hint: (e.g., 'git pull ...') before pushing again.
hint: See the 'Note about fast-forwards' in 'git push --help' for details.
bash-4.3$ git push
Username for 'https://github.com': anmgomezmo
Password for 'https://anmgomezmo@github.com': 
To https://github.com/anmgomezmo/HC.git
 ! [rejected]        master -> master (fetch first)
error: failed to push some refs to 'https://github.com/anmgomezmo/HC.git'
hint: Updates were rejected because the remote contains work that you do
hint: not have locally. This is usually caused by another repository pushing
hint: to the same ref. You may want to first integrate the remote changes
hint: (e.g., 'git pull ...') before pushing again.
hint: See the 'Note about fast-forwards' in 'git push --help' for details.
bash-4.3$ git status 
On branch master
Your branch is ahead of 'origin/master' by 1 commit.
  (use "git push" to publish your local commits)
Untracked files:
  (use "git add <file>..." to include in what will be committed)

	../2019-09-06/Comandos terminal 

nothing added to commit but untracked files present (use "git add" to track)
bash-4.3$ git push
Username for 'https://github.com': anmgomezmo
Password for 'https://anmgomezmo@github.com': 
To https://github.com/anmgomezmo/HC.git
 ! [rejected]        master -> master (fetch first)
error: failed to push some refs to 'https://github.com/anmgomezmo/HC.git'
hint: Updates were rejected because the remote contains work that you do
hint: not have locally. This is usually caused by another repository pushing
hint: to the same ref. You may want to first integrate the remote changes
hint: (e.g., 'git pull ...') before pushing again.
hint: See the 'Note about fast-forwards' in 'git push --help' for details.
bash-4.3$ export https_proxy="https://anmgomezmo:Cuantica15@proxyapp.unal.edu.co:8080/"
bash-4.3$ git push 
Username for 'https://github.com': anmgomezmo
Password for 'https://anmgomezmo@github.com': 
To https://github.com/anmgomezmo/HC.git
 ! [rejected]        master -> master (fetch first)
error: failed to push some refs to 'https://github.com/anmgomezmo/HC.git'
hint: Updates were rejected because the remote contains work that you do
hint: not have locally. This is usually caused by another repository pushing
hint: to the same ref. You may want to first integrate the remote changes
hint: (e.g., 'git pull ...') before pushing again.
hint: See the 'Note about fast-forwards' in 'git push --help' for details.
bash-4.3$ git push 
Username for 'https://github.com': anmgomezmo
Password for 'https://anmgomezmo@github.com': 
remote: Invalid username or password.
fatal: Authentication failed for 'https://github.com/anmgomezmo/HC.git/'
bash-4.3$ git push 
Username for 'https://github.com': anmgomezmo
Password for 'https://anmgomezmo@github.com': 
To https://github.com/anmgomezmo/HC.git
 ! [rejected]        master -> master (fetch first)
error: failed to push some refs to 'https://github.com/anmgomezmo/HC.git'
hint: Updates were rejected because the remote contains work that you do
hint: not have locally. This is usually caused by another repository pushing
hint: to the same ref. You may want to first integrate the remote changes
hint: (e.g., 'git pull ...') before pushing again.
hint: See the 'Note about fast-forwards' in 'git push --help' for details.
bash-4.3$ git pull
remote: Enumerating objects: 25, done.
remote: Counting objects: 100% (25/25), done.
remote: Compressing objects: 100% (15/15), done.
remote: Total 24 (delta 4), reused 23 (delta 3), pack-reused 0
Unpacking objects: 100% (24/24), done.
From https://github.com/anmgomezmo/HC
   6e28d5a..0b57516  master     -> origin/master
reading /home/anmgomezmo/HC/.git/MERGE_MSG

wrote /home/anmgomezmo/HC/.git/MERGE_MSG, 7 lines, 285 chars
Merge made by the 'recursive' strategy.
 Ejercicios/For/forstatement.cpp         | 16 ++++++++++++++++
 Ejercicios/Funciones/factorial.cpp      | 21 +++++++++++++++++++++
 Ejercicios/Funciones/mcd.cpp            | 22 ++++++++++++++++++++++
 Ejercicios/Hola mundo/Holamundo.cpp     |  8 ++++++++
 Ejercicios/If/ifstatement.cpp           | 22 ++++++++++++++++++++++
 Ejercicios/Multiplo de 3 o 5/multit.cpp | 20 ++++++++++++++++++++
 Ejercicios/Suma de numeros/sumnum.cpp   | 11 +++++++++++
 Ejercicios/While/whilestatement.cpp     | 20 ++++++++++++++++++++
 8 files changed, 140 insertions(+)
 create mode 100644 Ejercicios/For/forstatement.cpp
 create mode 100644 Ejercicios/Funciones/factorial.cpp
 create mode 100644 Ejercicios/Funciones/mcd.cpp
 create mode 100644 Ejercicios/Hola mundo/Holamundo.cpp
 create mode 100644 Ejercicios/If/ifstatement.cpp
 create mode 100644 Ejercicios/Multiplo de 3 o 5/multit.cpp
 create mode 100644 Ejercicios/Suma de numeros/sumnum.cpp
 create mode 100644 Ejercicios/While/whilestatement.cpp
bash-4.3$ git push 
Username for 'https://github.com': anmgomezmo
Password for 'https://anmgomezmo@github.com': 
Counting objects: 6, done.
Delta compression using up to 4 threads.
Compressing objects: 100% (5/5), done.
Writing objects: 100% (6/6), 748 bytes | 0 bytes/s, done.
Total 6 (delta 2), reused 0 (delta 0)
remote: Resolving deltas: 100% (2/2), completed with 1 local object.
To https://github.com/anmgomezmo/HC.git
   0b57516..69c1091  master -> master
bash-4.3$ pwd
/home/anmgomezmo/HC/2019-09-11
[1]+  Done                    emacs presi.cpp
bash-4.3$ emacs sine.cpp &
[1] 6237
bash-4.3$ g++ sine.cpp
sine.cpp: In function 'int main()':
sine.cpp:16:40: error: expected ';' before 'std'
       fout << x << "\t" << sum << "\t" std::sin(x) << "\n";
                                        ^
bash-4.3$ g++ sine.cpp
bash-4.3$ ./a.out 
bash-4.3$ datos.txt
bash: datos.txt: command not found
bash-4.3$ most datos.txt
bash-4.3$ g++ sine.cpp
bash-4.3$ ./a.out 
bash-4.3$ most datos.txt
bash-4.3$ gnuplot 

	G N U P L O T
	Version 5.0 patchlevel 3    last modified 2016-02-21 

	Copyright (C) 1986-1993, 1998, 2004, 2007-2016
	Thomas Williams, Colin Kelley and many others

	gnuplot home:     http://www.gnuplot.info
	faq, bugs, etc:   type "help FAQ"
	immediate help:   type "help"  (plot window: hit 'h')

Terminal type set to 'qt'
gnuplot> plot "datos.txt" w lp
gnuplot>                            
gnuplot> 
bash-4.3$ git status 
On branch master
Your branch is up-to-date with 'origin/master'.
Untracked files:
  (use "git add <file>..." to include in what will be committed)

	../2019-09-06/Comandos terminal 
	Comandos terminal
	datos.txt
	sine.cpp

nothing added to commit but untracked files present (use "git add" to track)
[1]+  Done                    emacs sine.cpp
bash-4.3$ git add datos.txt 
bash-4.3$ git add sine.cpp  
bash-4.3$ git status 
On branch master
Your branch is up-to-date with 'origin/master'.
Changes to be committed:
  (use "git reset HEAD <file>..." to unstage)

	new file:   datos.txt
	new file:   sine.cpp

Untracked files:
  (use "git add <file>..." to include in what will be committed)

	../2019-09-06/Comandos terminal 
	Comandos terminal

bash-4.3$ git commit -m "Sine"
[master e713524] Sine
 Committer: Andres Mauricio Gomez Mongui <anmgomezmo@darkstar.org>
Your name and email address were configured automatically based
on your username and hostname. Please check that they are accurate.
You can suppress this message by setting them explicitly. Run the
following command and follow the instructions in your editor to edit
your configuration file:

    git config --global --edit

After doing this, you may fix the identity used for this commit with:

    git commit --amend --reset-author

 2 files changed, 107 insertions(+)
 create mode 100644 2019-09-11/datos.txt
 create mode 100644 2019-09-11/sine.cpp
bash-4.3$ git push
Username for 'https://github.com': anmgomezmo
Password for 'https://anmgomezmo@github.com': 
Counting objects: 5, done.
Delta compression using up to 4 threads.
Compressing objects: 100% (5/5), done.
Writing objects: 100% (5/5), 1.44 KiB | 0 bytes/s, done.
Total 5 (delta 1), reused 0 (delta 0)
remote: Resolving deltas: 100% (1/1), completed with 1 local object.
To https://github.com/anmgomezmo/HC.git
   69c1091..e713524  master -> master
bash-4.3$ 
